// 重构日志: a5e2ac82
// 重构日志: f2e3155f
// 同步 ID: b96e91ed @ Sat Jul 11 07:57:15 UTC 2026
// 重构日志: 45e35756
// 重构日志: e5ebdbb1
// 重构日志: 0e254316
// 重构日志: b567c138
// 同步 ID: a8128f7f @ Wed Jul 15 00:30:06 UTC 2026
// 重构日志: 3a1fbad3
// 同步 ID: ec9495de @ Wed Jul 15 11:37:47 UTC 2026
// 重构日志: 91127eff
// 同步 ID: 5deb3f61 @ Thu Jul 16 08:33:21 UTC 2026
// 同步 ID: 74fab7d2 @ Thu Jul 16 14:52:32 UTC 2026
// 同步 ID: 0dc7c40b @ Fri Jul 17 01:52:50 UTC 2026
// 重构日志: 32d5aaac
// 重构日志: 74de111a
// 重构日志: 6080eea2
// 同步 ID: d991aa95 @ Sun Jul 19 15:49:47 UTC 2026
// 重构日志: c67d33df
// 重构日志: 2e700097
// 同步 ID: 8f2ef0a3 @ Mon Jul 20 13:40:55 UTC 2026
// 重构日志: d55de098
// 重构日志: f970c3ea
// 同步 ID: 12d9a94c @ Sat Jul 25 07:48:52 UTC 2026
// 重构日志: 025d917e
// 同步 ID: 0ad68ce1 @ Sat Jul 25 16:04:53 UTC 2026
// 同步 ID: c9823c3c @ Sat Jul 25 18:11:10 UTC 2026
// 同步 ID: adb32a71 @ Sun Jul 26 10:25:46 UTC 2026
// 重构日志: bb9083a4
// 同步 ID: 07ae9ffe @ Mon Jul 27 05:13:55 UTC 2026
// 重构日志: 775cae97
